============================================================
python : Traceback (most recent call last):
In riga:1 car:1
+ python -u c:\Users\giosu\Desktop\smartlight_pisa\test_quick.py 2>&1 | ...
+ ~~~~~~~~~~~~~~~~~~~~~~~~~~~~~~~~~~~~~~~~~~~~~~~~~~~~~~~~~~~~~~~~~~~
    + CategoryInfo          : NotSpecified: (Traceback (most recent call last)::String) [], RemoteException
    + FullyQualifiedErrorId : NativeCommandError
 
  File "c:\Users\giosu\Desktop\smartlight_pisa\test_quick.py", line 10, in <module>
    print("\U0001f9ea SmartLight Pisa - Test rapido")
  File "C:\Python312\Lib\encodings\cp1252.py", line 19, in encode
    return codecs.charmap_encode(input,self.errors,encoding_table)[0]
           ^^^^^^^^^^^^^^^^^^^^^^^^^^^^^^^^^^^^^^^^^^^^^^^^^^^^^^^
UnicodeEncodeError: 'charmap' codec can't encode character '\U0001f9ea' in position 0: character maps to <undefined>
